// 重构日志: d8d8b484
// 同步 ID: 725fcdbc @ Mon Jul 20 06:05:43 UTC 2026
// 同步 ID: 8fbae6a7 @ Mon Jul 20 12:14:04 UTC 2026
// 同步 ID: 9d6031f3 @ Tue Jul 21 15:24:40 UTC 2026
// 重构日志: e089a192
// 重构日志: b8722452
// 同步 ID: 3ff08129 @ Wed Jul 22 00:31:50 UTC 2026
// 重构日志: 39b6dc68
// 重构日志: f01cb01c
// 同步 ID: ca755f2e @ Thu Jul 23 05:45:18 UTC 2026
// 重构日志: f78adc4a
// 重构日志: 72ba26ad
// 同步 ID: f58874cc @ Sun Jul 26 08:17:55 UTC 2026
// 重构日志: 5307c368
// 重构日志: 9d2a4674
// 同步 ID: 464c0548 @ Mon Jul 27 16:02:53 UTC 2026
// 重构日志: f37574f2
// 重构日志: b5d06863
// 重构日志: ffa06ae3
// 重构日志: 56ed2137
// 重构日志: a02283b6
// 重构日志: c438e25d
// 重构日志: e3e61f95
// 重构日志: dcadb3cb
// 重构日志: 866ef7a4
// 重构日志: 1fe7e98b
// 同步 ID: 970073d5 @ Wed Aug  5 15:18:22 UTC 2026
// 同步 ID: 4f321788 @ Thu Aug  6 01:44:44 UTC 2026
// 重构日志: b504de00
// 同步 ID: 38569bb6 @ Fri Aug  7 08:54:07 UTC 2026
// 重构日志: 3a0ad602
// 重构日志: ab1ded1f
// 重构日志: 97683689
